sql-dialect-detection-tests/ambiguous-sql/database/ambiguous.sql
sql-dialect-detection-tests/empty-sql-files/database/empty_file_1.sql
sql-dialect-detection-tests/empty-sql-files/database/empty_file_2.sql
sql-dialect-detection-tests/empty-sql-files/database/valid_tsql.sql
sql-dialect-detection-tests/mixed-mysql-plsql/database/mysql/customers.sql
sql-dialect-detection-tests/mixed-mysql-plsql/database/plsql/accounts.sql
sql-dialect-detection-tests/mixed-postgresql-tsql/database/postgresql/inventory.sql
sql-dialect-detection-tests/mixed-postgresql-tsql/database/tsql/orders.sql
sql-dialect-detection-tests/mysql-only/database/functions/order_functions.sql
sql-dialect-detection-tests/mysql-only/database/procedures/order_procedures.sql
sql-dialect-detection-tests/mysql-only/database/schema/01_schema.sql
sql-dialect-detection-tests/no-sql-extension/database/schema.sql
sql-dialect-detection-tests/plsql-supported/database/functions/account_functions.sql
sql-dialect-detection-tests/plsql-supported/database/packages/account_pkg.sql
sql-dialect-detection-tests/plsql-supported/database/procedures/account_procedures.sql
sql-dialect-detection-tests/plsql-supported/database/schema/01_tables.sql
sql-dialect-detection-tests/postgresql-only/database/functions/inventory_functions.sql
sql-dialect-detection-tests/postgresql-only/database/procedures/inventory_procedures.sql
sql-dialect-detection-tests/postgresql-only/database/schema/01_schema.sql
sql-dialect-detection-tests/snowflake-only/database/functions/analytics_functions.sql
sql-dialect-detection-tests/snowflake-only/database/procedures/analytics_procedures.sql
sql-dialect-detection-tests/snowflake-only/database/schema/01_schema.sql
sql-dialect-detection-tests/sql-with-non-sql/database/transactions.sql
sql-dialect-detection-tests/tsql-supported/database/functions/employee_functions.sql
sql-dialect-detection-tests/tsql-supported/database/procedures/employee_procedures.sql
sql-dialect-detection-tests/tsql-supported/database/schema/01_tables.sql
sql-dialect-detection-tests/tsql-supported/database/stored-procedures/hr_stored_procedures.sql
Total files:       27
